<?xml version="1.0" encoding="utf-8"?><testsuites><testsuite name="pytest" errors="0" failures="0" skipped="0" tests="7" time="20.798" timestamp="2025-06-21T23:10:41.968686-07:00" hostname="XC6F9X5JHH"><testcase classname="tests.test_top_stories" name="test_top_stories_returns_ids" time="0.457" /><testcase classname="tests.test_top_stories" name="test_top_story_has_title_and_url_or_text" time="3.492" /><testcase classname="tests.test_top_stories" name="test_top_story_first_comment" time="1.333" /><testcase classname="tests.test_top_stories" name="test_lowest_id_item" time="0.448" /><testcase classname="tests.test_top_stories" name="test_max_id_item" time="0.865" /><testcase classname="tests.test_top_stories" name="test_every_top_story_is_type_story" time="4.864" /><testcase classname="tests.test_top_stories" name="test_every_comment_top_story_has_a_comment" time="9.211" /></testsuite></testsuites>